---
source: crates/baml-rt-provenance/tests/falkordb_store_test.rs
expression: graph_snapshot_json(&graph_snapshot)
---
[
  [
    [
      "AgentBoot"
    ],
    "agent_boot:00000000-0000-0000-0000-000000000010",
    {
      "a2a:agent_id": "00000000-0000-0000-0000-000000000010",
      "a2a:agent_type": "tony",
      "a2a:agent_version": "1.0.0",
      "a2a:context_id": "ctx-1-1",
      "a2a:event_id": "prov-0",
      "name": "agent_boot:00000000-0000-0000-0000-000000000010",
      "prov:base_type": "ProvActivity",
      "prov:endTime": 1700000000000,
      "prov:startTime": 1700000000000,
      "prov:type": "a2a:AgentBoot"
    },
    "WAS_BOOTSTRAPPED_BY",
    {
      "prov:base_type": "USED",
      "prov:role": "a2a:archive"
    },
    [
      "AgentArchive"
    ],
    "archive:tony@1.0.0",
    {
      "a2a:archive_path": "tony@1.0.0",
      "a2a:context_id": "ctx-1-1",
      "a2a:event_id": "prov-0",
      "name": "archive:tony@1.0.0",
      "prov:base_type": "ProvEntity",
      "prov:type": "a2a:AgentArchive"
    }
  ],
  [
    [
      "AgentBoot"
    ],
    "agent_boot:00000000-0000-0000-0000-000000000010",
    {
      "a2a:agent_id": "00000000-0000-0000-0000-000000000010",
      "a2a:agent_type": "tony",
      "a2a:agent_version": "1.0.0",
      "a2a:context_id": "ctx-1-1",
      "a2a:event_id": "prov-0",
      "name": "agent_boot:00000000-0000-0000-0000-000000000010",
      "prov:base_type": "ProvActivity",
      "prov:endTime": 1700000000000,
      "prov:startTime": 1700000000000,
      "prov:type": "a2a:AgentBoot"
    },
    "WAS_EXECUTED_BY",
    {
      "prov:base_type": "WAS_ASSOCIATED_WITH",
      "prov:role": "executing_agent"
    },
    [
      "AgentRuntimeInstance"
    ],
    "agent:runner",
    {
      "a2a:agent_type": "runner",
      "name": "agent:runner",
      "prov:base_type": "ProvAgent",
      "prov:type": "a2a:AgentRuntimeInstance"
    }
  ],
  [
    [
      "Artifact"
    ],
    "artifact:artifact-1",
    {
      "a2a:artifact_id": "artifact-1",
      "a2a:artifact_type": "result",
      "a2a:context_id": "ctx-1-1",
      "a2a:event_id": "prov-2",
      "a2a:task_id": "task-1",
      "name": "artifact:artifact-1",
      "prov:base_type": "ProvEntity",
      "prov:type": "a2a:Artifact"
    },
    "WAS_GENERATED_BY",
    {
      "prov:base_type": "WAS_GENERATED_BY",
      "prov:time": 1700000000100
    },
    [
      "A2ATaskExecution"
    ],
    "task_execution_task-1",
    {
      "a2a:context_id": "ctx-1-1",
      "a2a:task_id": "task-1",
      "name": "task_execution_task-1",
      "prov:base_type": "ProvActivity",
      "prov:startTime": 1700000000000,
      "prov:type": "a2a:A2ATaskExecution"
    }
  ],
  [
    [
      "A2ATask"
    ],
    "task:task-1",
    {
      "a2a:agent_id": "00000000-0000-0000-0000-000000000010",
      "a2a:context_id": "ctx-1-1",
      "a2a:task_id": "task-1",
      "name": "task:task-1",
      "prov:base_type": "ProvEntity",
      "prov:type": "a2a:A2ATask"
    },
    "WAS_CREATED_BY",
    {
      "prov:base_type": "WAS_GENERATED_BY",
      "prov:time": 1700000000000
    },
    [
      "A2ATaskExecution"
    ],
    "task_execution_task-1",
    {
      "a2a:context_id": "ctx-1-1",
      "a2a:task_id": "task-1",
      "name": "task_execution_task-1",
      "prov:base_type": "ProvActivity",
      "prov:startTime": 1700000000000,
      "prov:type": "a2a:A2ATaskExecution"
    }
  ],
  [
    [
      "A2ATask"
    ],
    "task:task-1",
    {
      "a2a:agent_id": "00000000-0000-0000-0000-000000000010",
      "a2a:context_id": "ctx-1-1",
      "a2a:task_id": "task-1",
      "name": "task:task-1",
      "prov:base_type": "ProvEntity",
      "prov:type": "a2a:A2ATask"
    },
    "WAS_GENERATED_BY",
    {
      "a2a:context_id": "ctx-1-1",
      "a2a:from": "task:task-1",
      "a2a:relation": "A2A_TASK_ARTIFACT",
      "a2a:task_id": "task-1",
      "a2a:timestamp_ms": 1700000000100,
      "a2a:to": "artifact:artifact-1"
    },
    [
      "Artifact"
    ],
    "artifact:artifact-1",
    {
      "a2a:artifact_id": "artifact-1",
      "a2a:artifact_type": "result",
      "a2a:context_id": "ctx-1-1",
      "a2a:event_id": "prov-2",
      "a2a:task_id": "task-1",
      "name": "artifact:artifact-1",
      "prov:base_type": "ProvEntity",
      "prov:type": "a2a:Artifact"
    }
  ],
  [
    [
      "A2ATaskExecution"
    ],
    "task_execution_task-1",
    {
      "a2a:context_id": "ctx-1-1",
      "a2a:task_id": "task-1",
      "name": "task_execution_task-1",
      "prov:base_type": "ProvActivity",
      "prov:startTime": 1700000000000,
      "prov:type": "a2a:A2ATaskExecution"
    },
    "WAS_EXECUTED_BY",
    {
      "prov:base_type": "WAS_ASSOCIATED_WITH",
      "prov:role": "executing_agent"
    },
    [
      "AgentRuntimeInstance"
    ],
    "agent_instance:00000000-0000-0000-0000-000000000010",
    {
      "a2a:agent_id": "00000000-0000-0000-0000-000000000010",
      "a2a:agent_type": "tony",
      "a2a:agent_version": "1.0.0",
      "a2a:context_id": "ctx-1-1",
      "a2a:event_id": "prov-0",
      "name": "agent_instance:00000000-0000-0000-0000-000000000010",
      "prov:base_type": "ProvAgent",
      "prov:type": "a2a:AgentRuntimeInstance"
    }
  ],
  [
    [
      "A2ATaskExecution"
    ],
    "task_execution_task-1",
    {
      "a2a:context_id": "ctx-1-1",
      "a2a:task_id": "task-1",
      "name": "task_execution_task-1",
      "prov:base_type": "ProvActivity",
      "prov:startTime": 1700000000000,
      "prov:type": "a2a:A2ATaskExecution"
    },
    "WAS_INVOKED_BY",
    {
      "prov:base_type": "WAS_ASSOCIATED_WITH",
      "prov:role": "invoking_agent"
    },
    [
      "AgentRuntimeInstance"
    ],
    "agent:runner",
    {
      "a2a:agent_type": "runner",
      "name": "agent:runner",
      "prov:base_type": "ProvAgent",
      "prov:type": "a2a:AgentRuntimeInstance"
    }
  ],
  [
    [
      "A2ATaskExecution"
    ],
    "task_execution_task-1",
    {
      "a2a:context_id": "ctx-1-1",
      "a2a:task_id": "task-1",
      "name": "task_execution_task-1",
      "prov:base_type": "ProvActivity",
      "prov:startTime": 1700000000000,
      "prov:type": "a2a:A2ATaskExecution"
    },
    "WAS_INVOKED_BY",
    {
      "prov:base_type": "WAS_ASSOCIATED_WITH",
      "prov:role": "invoking_agent"
    },
    [
      "AgentRuntimeInstance"
    ],
    "agent:runner",
    {
      "a2a:agent_type": "runner",
      "name": "agent:runner",
      "prov:base_type": "ProvAgent",
      "prov:type": "a2a:AgentRuntimeInstance"
    }
  ]
]
